<?xml version="1.0" encoding="utf-8"?><testsuites name="pytest tests"><testsuite name="pytest" errors="0" failures="2" skipped="0" tests="67" time="7.581" timestamp="2025-07-30T09:06:43.266558+00:00" hostname="62e8d85d47be"><testcase classname="tests.test_api.TestFastAPIEndpoints" name="test_health_check" time="0.110" /><testcase classname="tests.test_api.TestFastAPIEndpoints" name="test_debug_test_connection_success" time="0.019" /><testcase classname="tests.test_api.TestFastAPIEndpoints" name="test_debug_test_connection_failure" time="0.007" /><testcase classname="tests.test_api.TestFastAPIEndpoints" name="test_chat_text_success" time="0.016" /><testcase classname="tests.test_api.TestFastAPIEndpoints" name="test_chat_text_stream" time="0.117" /><testcase classname="tests.test_api.TestFastAPIEndpoints" name="test_chat_multimodal_success" time="0.016" /><testcase classname="tests.test_api.TestFastAPIEndpoints" name="test_chat_multimodal_stream" time="0.220" /><testcase classname="tests.test_api.TestFastAPIEndpoints" name="test_chat_audio_success" time="0.017" /><testcase classname="tests.test_api.TestFastAPIEndpoints" name="test_get_session_stats_not_found" time="0.007" /><testcase classname="tests.test_api.TestFastAPIEndpoints" name="test_get_session_stats_success" time="0.010" /><testcase classname="tests.test_api.TestFastAPIEndpoints" name="test_clear_session_not_found" time="0.007" /><testcase classname="tests.test_api.TestFastAPIEndpoints" name="test_clear_session_success" time="0.013" /><testcase classname="tests.test_api.TestFastAPIEndpoints" name="test_delete_session" time="0.007" /><testcase classname="tests.test_api.TestFastAPIEndpoints" name="test_list_sessions_empty" time="0.006" /><testcase classname="tests.test_api.TestFastAPIEndpoints" name="test_list_sessions_with_data" time="0.010" /><testcase classname="tests.test_api.TestFastAPIEndpoints" name="test_invalid_json_request" time="0.006" /><testcase classname="tests.test_api.TestFastAPIEndpoints" name="test_missing_required_fields" time="0.006" /><testcase classname="tests.test_api.TestFastAPIEndpoints" name="test_chat_endpoint_exception_handling" time="0.007" /><testcase classname="tests.test_api.TestWebSocketEndpoint" name="test_websocket_connection" time="0.018" /><testcase classname="tests.test_api.TestWebSocketEndpoint" name="test_websocket_text_message" time="0.019" /><testcase classname="tests.test_api.TestWebSocketEndpoint" name="test_websocket_audio_message" time="0.020" /><testcase classname="tests.test_api.TestWebSocketEndpoint" name="test_websocket_ping_pong" time="0.017" /><testcase classname="tests.test_api.TestUtilityFunctions" name="test_get_or_create_chatbot_new" time="0.004" /><testcase classname="tests.test_api.TestUtilityFunctions" name="test_get_or_create_chatbot_existing" time="0.006" /><testcase classname="tests.test_api.TestDataValidation" name="test_text_message_validation" time="2.492" /><testcase classname="tests.test_api.TestDataValidation" name="test_audio_message_validation" time="2.021" /><testcase classname="tests.test_chatbot.TestRealtimeChatbot" name="test_initialization" time="0.003" /><testcase classname="tests.test_chatbot.TestRealtimeChatbot" name="test_handler_setters" time="0.003" /><testcase classname="tests.test_chatbot.TestRealtimeChatbot" name="test_connect_text_only" time="0.009"><failure message="TypeError: object Mock can't be used in 'await' expression">tests/test_chatbot.py:202: in test_connect_text_only
    await chatbot_instance.connect(modalities=["text"])
chatbot/multimodal_realtime.py:84: in connect
    await self.connection.session.update(session=session_config)
E   TypeError: object Mock can't be used in 'await' expression</failure></testcase><testcase classname="tests.test_chatbot.TestRealtimeChatbot" name="test_connect_multimodal" time="0.007"><failure message="TypeError: object Mock can't be used in 'await' expression">tests/test_chatbot.py:217: in test_connect_multimodal
    await chatbot_instance.connect(modalities=["text", "audio"])
chatbot/multimodal_realtime.py:84: in connect
    await self.connection.session.update(session=session_config)
E   TypeError: object Mock can't be used in 'await' expression</failure></testcase><testcase classname="tests.test_chatbot.TestRealtimeChatbot" name="test_disconnect" time="0.005" /><testcase classname="tests.test_chatbot.TestRealtimeChatbot" name="test_send_text_message" time="0.008" /><testcase classname="tests.test_chatbot.TestRealtimeChatbot" name="test_send_text_message_with_audio" time="0.008" /><testcase classname="tests.test_chatbot.TestRealtimeChatbot" name="test_send_audio_message" time="0.009" /><testcase classname="tests.test_chatbot.TestRealtimeChatbot" name="test_listen_for_text_responses" time="0.007" /><testcase classname="tests.test_chatbot.TestRealtimeChatbot" name="test_listen_for_audio_responses" time="0.007" /><testcase classname="tests.test_chatbot.TestRealtimeChatbot" name="test_handle_error_event" time="0.004" /><testcase classname="tests.test_chatbot.TestRealtimeChatbot" name="test_conversation_history_management" time="0.003" /><testcase classname="tests.test_chatbot.TestRealtimeChatbot" name="test_get_conversation_stats" time="0.003" /><testcase classname="tests.test_chatbot.TestRealtimeChatbot" name="test_clear_conversation" time="0.003" /><testcase classname="tests.test_chatbot.TestRealtimeChatbot" name="test_send_message_not_connected" time="0.004" /><testcase classname="tests.test_chatbot.TestRealtimeChatbot" name="test_listen_not_connected" time="0.004" /><testcase classname="tests.test_components.TestAudioProcessing" name="test_audio_format_validation" time="0.002" /><testcase classname="tests.test_components.TestAudioProcessing" name="test_audio_encoding_decoding" time="0.001" /><testcase classname="tests.test_components.TestAudioProcessing" name="test_audio_chunk_accumulation" time="0.003" /><testcase classname="tests.test_components.TestAudioProcessing" name="test_save_audio_to_file" time="0.004" /><testcase classname="tests.test_components.TestTextProcessing" name="test_text_chunk_accumulation" time="0.003" /><testcase classname="tests.test_components.TestTextProcessing" name="test_text_handler_callback" time="0.003" /><testcase classname="tests.test_components.TestTextProcessing" name="test_response_completion_callback" time="0.002" /><testcase classname="tests.test_components.TestSessionManagement" name="test_session_isolation" time="0.003" /><testcase classname="tests.test_components.TestSessionManagement" name="test_session_cleanup" time="0.004" /><testcase classname="tests.test_components.TestSessionManagement" name="test_conversation_statistics" time="0.002" /><testcase classname="tests.test_components.TestErrorHandling" name="test_connection_error_handling" time="0.002" /><testcase classname="tests.test_components.TestErrorHandling" name="test_not_connected_error_handling" time="0.003" /><testcase classname="tests.test_components.TestErrorHandling" name="test_api_error_event_handling" time="0.004" /><testcase classname="tests.test_components.TestConfigurationValidation" name="test_chatbot_initialization_parameters" time="0.002" /><testcase classname="tests.test_components.TestConfigurationValidation" name="test_session_configuration" time="0.007" /><testcase classname="tests.test_components.TestDataFlow" name="test_text_message_flow" time="0.011" /><testcase classname="tests.test_components.TestDataFlow" name="test_audio_message_flow" time="0.011" /><testcase classname="tests.test_integration.TestIntegration" name="test_complete_text_conversation_flow" time="0.013" /><testcase classname="tests.test_integration.TestIntegration" name="test_complete_multimodal_conversation_flow" time="0.015" /><testcase classname="tests.test_integration.TestIntegration" name="test_session_management_integration" time="0.003" /><testcase classname="tests.test_integration.TestIntegration" name="test_error_handling_integration" time="0.004" /><testcase classname="tests.test_integration.TestIntegration" name="test_conversation_history_integration" time="0.002" /><testcase classname="tests.test_integration.TestIntegration" name="test_audio_data_handling_integration" time="0.002" /><testcase classname="tests.test_integration.TestPerformanceAndLimits" name="test_conversation_history_memory_limits" time="0.002" /><testcase classname="tests.test_integration.TestPerformanceAndLimits" name="test_large_audio_data_handling" time="0.015" /></testsuite></testsuites>